Archive member included because of file (symbol)

../../gcc4mbed/external/gcc/LPC1768//libc.a(lib_a-memcpy.o)
                              main.o (memcpy)

Allocating common symbols
Common symbol       size              file

jiffies             0x4               main.o

Discarded input sections

 .text          0x00000000        0x0 startup.o
 .data          0x00000000        0x0 startup.o
 .bss           0x00000000        0x0 startup.o
 .text          0x00000000        0x0 CMSISv2_LPC17xx/src/system_LPC17xx.o
 .data          0x00000000        0x0 CMSISv2_LPC17xx/src/system_LPC17xx.o
 .bss           0x00000000        0x0 CMSISv2_LPC17xx/src/system_LPC17xx.o
 .text.SystemClockUpdate
                0x00000000       0xf0 CMSISv2_LPC17xx/src/system_LPC17xx.o
 .data.SystemFrequency
                0x00000000        0x4 CMSISv2_LPC17xx/src/system_LPC17xx.o
 .text          0x00000000        0x0 main.o
 .data          0x00000000        0x0 main.o
 .bss           0x00000000        0x0 main.o
 .text.wait     0x00000000        0x2 main.o
 .rodata.aiuAddress
                0x00000000        0x6 main.o
 .rodata.myAddress
                0x00000000        0x6 main.o
 .rodata.myProtocol
                0x00000000        0x2 main.o
 COMMON         0x00000000        0x4 main.o
 .text          0x00000000        0x0 ../../gcc4mbed/external/gcc/LPC1768//libc.a(lib_a-memcpy.o)
 .data          0x00000000        0x0 ../../gcc4mbed/external/gcc/LPC1768//libc.a(lib_a-memcpy.o)
 .bss           0x00000000        0x0 ../../gcc4mbed/external/gcc/LPC1768//libc.a(lib_a-memcpy.o)

Memory Configuration

Name             Origin             Length             Attributes
flash            0x00000000         0x00080000         xr
ram              0x10000000         0x00008000         xrw
*default*        0x00000000         0xffffffff

Linker script and memory map

                0x00000000                . = 0x0

.text           0x00000000      0x204
                0x00000000                _stext = .
 *(.cs3.interrupt_vector)
 .cs3.interrupt_vector
                0x00000000       0x40 startup.o
                0x00000000                interrupt_vectors
 *(.text*)
 .text.Reset_Handler
                0x00000040       0x44 startup.o
                0x00000040                Reset_Handler
 .text.Default_Handler
                0x00000084        0x2 startup.o
                0x00000084                DebugMon_Handler
                0x00000084                HardFault_Handler
                0x00000084                SysTick_Handler
                0x00000084                PendSV_Handler
                0x00000084                NMI_Handler
                0x00000084                UsageFault_Handler
                0x00000084                Default_Handler
                0x00000084                MemManage_Handler
                0x00000084                SVC_Handler
                0x00000084                BusFault_Handler
 *fill*         0x00000086        0x2 00
 .text.SystemInit
                0x00000088       0xb8 CMSISv2_LPC17xx/src/system_LPC17xx.o
                0x00000088                SystemInit
 .text.initLEDs
                0x00000140       0x10 main.o
                0x00000140                initLEDs
 .text.updateLEDs
                0x00000150       0x2c main.o
                0x00000150                updateLEDs
 .text.main     0x0000017c       0x24 main.o
                0x0000017c                main
 .text.memcpy   0x000001a0       0x16 ../../gcc4mbed/external/gcc/LPC1768//libc.a(lib_a-memcpy.o)
                0x000001a0                memcpy
 *(.rodata*)
 *fill*         0x000001b6        0x2 00
 .rodata.C.0.6767
                0x000001b8       0x4c main.o
                0x00000204                . = ALIGN (0x4)
                0x00000204                _etext = .

.glue_7         0x00000204        0x0
 .glue_7        0x00000000        0x0 linker stubs

.glue_7t        0x00000204        0x0
 .glue_7t       0x00000000        0x0 linker stubs

.vfp11_veneer   0x00000204        0x0
 .vfp11_veneer  0x00000000        0x0 linker stubs

.v4_bx          0x00000204        0x0
 .v4_bx         0x00000000        0x0 linker stubs

.data           0x10000000        0x0 load address 0x00000204
                0x10000000                _sdata = .
 *(.data*)
                0x10000000                _edata = .

.bss            0x10000000        0x0 load address 0x00000204
                0x10000000                _sbss = .
 *(.bss*)
                0x10000000                . = ALIGN (0x4)
                0x10000000                _ebss = .
                0x10008000                _sstack = 0x10008000
LOAD ../../gcc4mbed/external/gcc/LPC1768//libc.a
LOAD startup.o
LOAD CMSISv2_LPC17xx/src/system_LPC17xx.o
LOAD main.o
LOAD ../../gcc4mbed/external/gcc/LPC1768//libc.a
OUTPUT(hello.elf elf32-littlearm)

.comment        0x00000000       0x2a
 .comment       0x00000000       0x2a startup.o
                                 0x2b (size before relaxing)
 .comment       0x00000000       0x2b CMSISv2_LPC17xx/src/system_LPC17xx.o
 .comment       0x00000000       0x2b main.o

.ARM.attributes
                0x00000000       0x31
 .ARM.attributes
                0x00000000       0x31 startup.o
 .ARM.attributes
                0x00000031       0x31 CMSISv2_LPC17xx/src/system_LPC17xx.o
 .ARM.attributes
                0x00000062       0x31 main.o
 .ARM.attributes
                0x00000093       0x29 ../../gcc4mbed/external/gcc/LPC1768//libc.a(lib_a-memcpy.o)

.debug_frame    0x00000000       0x28
 .debug_frame   0x00000000       0x28 ../../gcc4mbed/external/gcc/LPC1768//libc.a(lib_a-memcpy.o)
